[icc2-lic Tue Aug 27 10:49:55 2024] Command 'report_timing' requires licenses
[icc2-lic Tue Aug 27 10:49:55 2024] Attempting to check-out alternate set of keys directly with queueing
[icc2-lic Tue Aug 27 10:49:55 2024] Sending count request for 'ICCompilerII-8' 
[icc2-lic Tue Aug 27 10:49:55 2024] Count request for 'ICCompilerII-8' returned 1 
[icc2-lic Tue Aug 27 10:49:55 2024] Sending check-out request for 'ICCompilerII-8' (1) with wait option
[icc2-lic Tue Aug 27 10:49:55 2024] Check-out request for 'ICCompilerII-8' with wait option succeeded
[icc2-lic Tue Aug 27 10:49:55 2024] Sending checkout check request for 'ICCompilerII-8' 
[icc2-lic Tue Aug 27 10:49:55 2024] Checkout check request for 'ICCompilerII-8' returned 0 
[icc2-lic Tue Aug 27 10:49:55 2024] Sending count request for 'ICCompilerII-8' 
[icc2-lic Tue Aug 27 10:49:55 2024] Count request for 'ICCompilerII-8' returned 1 
[icc2-lic Tue Aug 27 10:49:55 2024] Sending count request for 'ICCompilerII-NX' 
[icc2-lic Tue Aug 27 10:49:55 2024] Count request for 'ICCompilerII-NX' returned 1 
[icc2-lic Tue Aug 27 10:49:55 2024] Sending check-out request for 'ICCompilerII-NX' (1) with wait option
[icc2-lic Tue Aug 27 10:49:55 2024] Check-out request for 'ICCompilerII-NX' with wait option succeeded
[icc2-lic Tue Aug 27 10:49:55 2024] Sending checkout check request for 'ICCompilerII-NX' 
[icc2-lic Tue Aug 27 10:49:55 2024] Checkout check request for 'ICCompilerII-NX' returned 0 
[icc2-lic Tue Aug 27 10:49:55 2024] Sending count request for 'ICCompilerII-NX' 
[icc2-lic Tue Aug 27 10:49:55 2024] Count request for 'ICCompilerII-NX' returned 1 
[icc2-lic Tue Aug 27 10:49:55 2024] Check-out of alternate set of keys directly with queueing was successful
****************************************
Report : timing
        -path_type full
        -delay_type max
        -max_paths 1
        -report_by design
Design : vsdbabysoc
Version: T-2022.03-SP5
Date   : Tue Aug 27 10:49:55 2024
****************************************

  Startpoint: core/CPU_is_addi_a3_reg (rising edge-triggered flip-flop clocked by clk)
  Endpoint: core/CPU_Xreg_value_a4_reg[16][31] (rising edge-triggered flip-flop clocked by clk)
  Mode: func1
  Corner: estimated_corner
  Scenario: func1::estimated_corner
  Path Group: clk
  Path Type: max

  Point                                            Incr      Path       Delta Incr     Analysis
  ----------------------------------------------------------------------------------------------------
  clock clk (rise edge)                            0.00      0.00
  clock network delay (propagated)                 0.22      0.22

  core/CPU_is_addi_a3_reg/CLK (sky130_fd_sc_hd__dfxtp_4)
                                                   0.00      0.22 r      0.00
  core/CPU_is_addi_a3_reg/Q (sky130_fd_sc_hd__dfxtp_4)
                                                   0.47 e    0.69 f     -0.05        Size: None
  core/U461/Y (sky130_fd_sc_hd__nor2_1)            0.32      1.02 r      0.16        Size: None
  core/U464/Y (sky130_fd_sc_hd__nand2_1)           0.07 e    1.09 f     -0.05        Size: sky130_fd_sc_hd__nand2_4
  core/U48/Y (sky130_fd_sc_hd__nand2_1)            0.07 e    1.16 r     -0.03        Size: sky130_fd_sc_hd__nand2_4
  core/U47/X (sky130_fd_sc_hd__buf_2)              0.32      1.48 r      0.00
  core/U119/X (sky130_fd_sc_hd__and2_0)            0.19      1.67 r      0.00
  core/U561/X (sky130_fd_sc_hd__xor2_1)            0.09      1.77 f      0.01
  core/U41/X (sky130_fd_sc_hd__or2_0)              0.33      2.09 f      0.06        Size: None
  core/U563/Y (sky130_fd_sc_hd__a21oi_1)           0.20 e    2.29 r     -0.02        Size: sky130_fd_sc_hd__a21oi_4
  core/U565/Y (sky130_fd_sc_hd__o21ai_1)           0.08 e    2.37 f     -0.04        Size: sky130_fd_sc_hd__o21ai_4
  core/U342/Y (sky130_fd_sc_hd__a21oi_1)           0.24      2.62 r      0.04
  core/U197/Y (sky130_fd_sc_hd__o21ai_1)           0.22      2.84 f      0.10        Size: None
  core/U340/Y (sky130_fd_sc_hd__a21oi_1)           0.17 e    3.01 r     -0.03        Size: sky130_fd_sc_hd__a21oi_4
  core/U195/Y (sky130_fd_sc_hd__o21ai_1)           0.08 e    3.10 f     -0.04        Size: sky130_fd_sc_hd__o21ai_4
  core/U339/Y (sky130_fd_sc_hd__a21oi_1)           0.25      3.34 r      0.04
  core/U196/Y (sky130_fd_sc_hd__o21ai_1)           0.13      3.47 f      0.00
  core/U338/Y (sky130_fd_sc_hd__a21oi_1)           0.21      3.68 r      0.00
  core/U337/Y (sky130_fd_sc_hd__o21ai_1)           0.12      3.80 f      0.00
  core/U93/Y (sky130_fd_sc_hd__a21oi_1)            0.21      4.01 r      0.00
  core/U336/Y (sky130_fd_sc_hd__o21ai_1)           0.22      4.23 f      0.10        Size: None
  core/U33/Y (sky130_fd_sc_hd__a21oi_1)            0.18 e    4.41 r     -0.03        Size: sky130_fd_sc_hd__a21oi_4
  core/U90/Y (sky130_fd_sc_hd__o21ai_1)            0.08 e    4.49 f     -0.04        Size: sky130_fd_sc_hd__o21ai_4
  core/U594/X (sky130_fd_sc_hd__a21o_1)            0.22      4.71 f      0.04
  core/U934/COUT (sky130_fd_sc_hd__fa_1)           0.40      5.10 f      0.00        Size: None
  core/U598/X (sky130_fd_sc_hd__a21o_1)            0.18      5.29 f      0.00
  core/U898/COUT (sky130_fd_sc_hd__fa_1)           0.38      5.66 f      0.00        Size: None
  core/U880/COUT (sky130_fd_sc_hd__fa_1)           0.39      6.05 f      0.00        Size: None
  core/U1362/COUT (sky130_fd_sc_hd__fa_1)          0.39      6.44 f      0.00        Size: None
  core/U82/COUT (sky130_fd_sc_hd__fa_2)            0.37      6.81 f      0.00        Size: None
  core/U80/Y (sky130_fd_sc_hd__clkinv_1)           0.06      6.86 r      0.00
  core/U600/Y (sky130_fd_sc_hd__o21ai_1)           0.05      6.91 f     -0.01
  core/U344/COUT (sky130_fd_sc_hd__fa_1)           0.27 e    7.19 f     -0.11        Size: sky130_fd_sc_hd__fah_1
  core/U812/COUT (sky130_fd_sc_hd__fa_1)           0.39      7.58 f      0.00        Size: None
  core/U784/COUT (sky130_fd_sc_hd__fa_1)           0.39      7.96 f      0.00        Size: None
  core/U756/COUT (sky130_fd_sc_hd__fa_1)           0.41      8.38 f      0.00        Size: None
  core/U605/X (sky130_fd_sc_hd__a21o_1)            0.19      8.57 f      0.00
  core/U341/COUT (sky130_fd_sc_hd__fa_1)           0.38      8.94 f      0.00        Size: None
  core/U343/COUT (sky130_fd_sc_hd__fa_1)           0.39      9.33 f      0.00        Size: None
  core/U606/X (sky130_fd_sc_hd__xor2_1)            0.21      9.54 r      0.00        Size: None
  core/U607/Y (sky130_fd_sc_hd__nand2_2)           0.22      9.76 f      0.00
  core/U624/Y (sky130_fd_sc_hd__o22ai_1)           0.17      9.93 r     -0.05
  core/CPU_Xreg_value_a4_reg[16][31]/D (sky130_fd_sc_hd__dfxtp_1)
                                                   0.00 e    9.93 r      0.00
  data arrival time                                          9.93        0.03        Delta arrival

  clock clk (rise edge)                           10.00     10.00
  clock network delay (propagated)                 0.16     10.16
  core/CPU_Xreg_value_a4_reg[16][31]/CLK (sky130_fd_sc_hd__dfxtp_1)
                                                   0.00     10.16 r      0.00
  clock uncertainty                               -0.10     10.06
  library setup time                              -0.03     10.03
  data required time                                        10.03
  ----------------------------------------------------------------------------------------------------
  data required time                                        10.03
  data arrival time                                         -9.93
  ----------------------------------------------------------------------------------------------------
  slack (MET)                                                0.10


1
